2026-03-26 07:58:17,785 - для справки - INFO - =====НАЧАЛО ПАРСИНГА ======
2026-03-26 07:58:20,313 - для справки - INFO - ✅ ROSN: найдено 5 официальных новостей
2026-03-26 07:58:20,316 - для справки - INFO - ℹ️ Нет новых постов для сохранения
2026-03-26 07:58:22,405 - для справки - INFO - ✅ TATN: найдено 5 официальных новостей
2026-03-26 07:58:22,407 - для справки - INFO - ℹ️ Нет новых постов для сохранения
2026-03-26 07:58:24,541 - для справки - INFO - ✅ LKOH: найдено 5 официальных новостей
2026-03-26 07:58:24,542 - для справки - INFO - ℹ️ Нет новых постов для сохранения
2026-03-26 07:58:26,661 - для справки - INFO - ✅ NVTK: найдено 5 официальных новостей
2026-03-26 07:58:26,663 - для справки - INFO - ℹ️ Нет новых постов для сохранения
2026-03-26 07:58:28,810 - для справки - INFO - ✅ SMLT: найдено 5 официальных новостей
2026-03-26 07:58:28,811 - для справки - INFO - ℹ️ Нет новых постов для сохранения
2026-03-26 07:58:30,957 - для справки - INFO - ✅ PIKK: найдено 5 официальных новостей
2026-03-26 07:58:30,959 - для справки - INFO - ℹ️ Нет новых постов для сохранения
2026-03-26 07:58:33,065 - для справки - INFO - ✅ RUAL: найдено 5 официальных новостей
2026-03-26 07:58:33,066 - для справки - INFO - ℹ️ Нет новых постов для сохранения
2026-03-26 07:58:35,162 - для справки - INFO - ✅ GMKN: найдено 5 официальных новостей
2026-03-26 07:58:35,163 - для справки - INFO - ℹ️ Нет новых постов для сохранения
2026-03-26 07:58:37,254 - для справки - INFO - ✅ PLZL: найдено 5 официальных новостей
2026-03-26 07:58:37,256 - для справки - INFO - ℹ️ Нет новых постов для сохранения
2026-03-26 07:58:39,339 - для справки - INFO - ✅ VTBR: найдено 5 официальных новостей
2026-03-26 07:58:39,341 - для справки - INFO - ℹ️ Нет новых постов для сохранения
2026-03-26 07:58:41,437 - для справки - INFO - ✅ SBER: найдено 5 официальных новостей
2026-03-26 07:58:41,439 - для справки - INFO - ℹ️ Нет новых постов для сохранения
2026-03-26 07:58:43,522 - для справки - INFO - ✅ T: найдено 5 официальных новостей
2026-03-26 07:58:43,523 - для справки - INFO - ℹ️ Нет новых постов для сохранения
2026-03-26 07:58:45,604 - для справки - INFO - ✅ EUTR: найдено 5 официальных новостей
2026-03-26 07:58:45,605 - для справки - INFO - ℹ️ Нет новых постов для сохранения
2026-03-26 07:58:47,715 - для справки - INFO - ✅ IRAO: найдено 5 официальных новостей
2026-03-26 07:58:47,716 - для справки - INFO - ℹ️ Нет новых постов для сохранения
